{
  "version": "1.5.0",
  "plugins_used": [
    {
      "name": "ArtifactoryDetector"
    },
    {
      "name": "AWSKeyDetector"
    },
    {
      "name": "AzureStorageKeyDetector"
    },
    {
      "name": "Base64HighEntropyString",
      "limit": 4.5
    },
    {
      "name": "BasicAuthDetector"
    },
    {
      "name": "CloudantDetector"
    },
    {
      "name": "DiscordBotTokenDetector"
    },
    {
      "name": "GitHubTokenDetector"
    },
    {
      "name": "GitLabTokenDetector"
    },
    {
      "name": "HexHighEntropyString",
      "limit": 3.0
    },
    {
      "name": "IbmCloudIamDetector"
    },
    {
      "name": "IbmCosHmacDetector"
    },
    {
      "name": "IPPublicDetector"
    },
    {
      "name": "JwtTokenDetector"
    },
    {
      "name": "KeywordDetector",
      "keyword_exclude": ""
    },
    {
      "name": "MailchimpDetector"
    },
    {
      "name": "NpmDetector"
    },
    {
      "name": "OpenAIDetector"
    },
    {
      "name": "PrivateKeyDetector"
    },
    {
      "name": "PypiTokenDetector"
    },
    {
      "name": "SendGridDetector"
    },
    {
      "name": "SlackDetector"
    },
    {
      "name": "SoftlayerDetector"
    },
    {
      "name": "SquareOAuthDetector"
    },
    {
      "name": "StripeDetector"
    },
    {
      "name": "TelegramBotTokenDetector"
    },
    {
      "name": "TwilioKeyDetector"
    }
  ],
  "filters_used": [
    {
      "path": "detect_secrets.filters.allowlist.is_line_allowlisted"
    },
    {
      "path": "detect_secrets.filters.common.is_ignored_due_to_verification_policies",
      "min_level": 2
    },
    {
      "path": "detect_secrets.filters.heuristic.is_indirect_reference"
    },
    {
      "path": "detect_secrets.filters.heuristic.is_likely_id_string"
    },
    {
      "path": "detect_secrets.filters.heuristic.is_lock_file"
    },
    {
      "path": "detect_secrets.filters.heuristic.is_not_alphanumeric_string"
    },
    {
      "path": "detect_secrets.filters.heuristic.is_potential_uuid"
    },
    {
      "path": "detect_secrets.filters.heuristic.is_prefixed_with_dollar_sign"
    },
    {
      "path": "detect_secrets.filters.heuristic.is_sequential_string"
    },
    {
      "path": "detect_secrets.filters.heuristic.is_swagger_file"
    },
    {
      "path": "detect_secrets.filters.heuristic.is_templated_secret"
    },
    {
      "path": "detect_secrets.filters.regex.should_exclude_file",
      "pattern": [
        "node_modules|\\.git|venv|__pycache__|\\.next|htmlcov|\\.pytest-cache|\\.pnpm-store|\\.secrets\\.baseline|\\.agents|\\.claude"
      ]
    },
    {
      "path": "detect_secrets.filters.regex.should_exclude_line",
      "pattern": [
        "pragma: allowlist secret"
      ]
    }
  ],
  "results": {
    ".env.example": [
      {
        "type": "Basic Auth Credentials",
        "filename": ".env.example",
        "hashed_secret": "45d676e7c6ab44cf4b8fa366ef2d8fccd3e6d6e6",
        "is_verified": false,
        "line_number": 17
      }
    ],
    "README.md": [
      {
        "type": "Basic Auth Credentials",
        "filename": "README.md",
        "hashed_secret": "afc848c316af1a89d49826c5ae9d00ed769415f3",
        "is_verified": false,
        "line_number": 92
      }
    ],
    "app\\api\\endpoints\\agents.py": [
      {
        "type": "Secret Keyword",
        "filename": "app\\api\\endpoints\\agents.py",
        "hashed_secret": "a94a8fe5ccb19ba61c4c0873d391e987982fbbd3",
        "is_verified": false,
        "line_number": 89
      }
    ],
    "app\\db\\migrations\\versions\\20260120_0712-d1ba4e701ce3_baseline_existing_supabase_schema.py": [
      {
        "type": "Hex High Entropy String",
        "filename": "app\\db\\migrations\\versions\\20260120_0712-d1ba4e701ce3_baseline_existing_supabase_schema.py",
        "hashed_secret": "f026445f3f95c05cf6a0beebf273745da23d7325",
        "is_verified": false,
        "line_number": 16
      }
    ],
    "app\\db\\migrations\\versions\\20260129_1441-5624fddb4ef8_normalize_listing_type_enum_values.py": [
      {
        "type": "Hex High Entropy String",
        "filename": "app\\db\\migrations\\versions\\20260129_1441-5624fddb4ef8_normalize_listing_type_enum_values.py",
        "hashed_secret": "1b8a808de05c5a8bdf114fef8ad9fb58b0c50c73",
        "is_verified": false,
        "line_number": 16
      }
    ],
    "app\\db\\migrations\\versions\\20260303_0354-388601679a8b_manual_fix_inquiry_and_images.py": [
      {
        "type": "Hex High Entropy String",
        "filename": "app\\db\\migrations\\versions\\20260303_0354-388601679a8b_manual_fix_inquiry_and_images.py",
        "hashed_secret": "4c899d0c45870531c181e995351c1efd0b8910d5",
        "is_verified": false,
        "line_number": 16
      }
    ],
    "app\\db\\migrations\\versions\\20260315_1345-3cf0979df4e8_add_application_analytics_views.py": [
      {
        "type": "Hex High Entropy String",
        "filename": "app\\db\\migrations\\versions\\20260315_1345-3cf0979df4e8_add_application_analytics_views.py",
        "hashed_secret": "0d5057350951c68e3f933977a2300c283162f1cd",
        "is_verified": false,
        "line_number": 15
      }
    ],
    "app\\db\\migrations\\versions\\20260324_2318-ccf073c8b981_baseline_post_rls_v0_4_0.py": [
      {
        "type": "Hex High Entropy String",
        "filename": "app\\db\\migrations\\versions\\20260324_2318-ccf073c8b981_baseline_post_rls_v0_4_0.py",
        "hashed_secret": "cd744bc74377644cc6f92d41061ad4542beae715",
        "is_verified": false,
        "line_number": 16
      }
    ],
    "app\\db\\migrations\\versions\\20260328_0308-6c0087f609b4_perf_drop_duplicate_indexes.py": [
      {
        "type": "Hex High Entropy String",
        "filename": "app\\db\\migrations\\versions\\20260328_0308-6c0087f609b4_perf_drop_duplicate_indexes.py",
        "hashed_secret": "6811c7be57f34ac6bb54c56d00cbdd578fcf4633",
        "is_verified": false,
        "line_number": 16
      }
    ],
    "app\\db\\migrations\\versions\\20260411_0000-b7d2a4c9e1f0_bootstrap_full_schema.py": [
      {
        "type": "Hex High Entropy String",
        "filename": "app\\db\\migrations\\versions\\20260411_0000-b7d2a4c9e1f0_bootstrap_full_schema.py",
        "hashed_secret": "45deb0f01a2f2577fcd40ffd15db38a79e42a0e2",
        "is_verified": false,
        "line_number": 30
      }
    ],
    "app\\db\\migrations\\versions\\20260415_2300-9f2b7c1d4a10_enable_public_table_rls.py": [
      {
        "type": "Hex High Entropy String",
        "filename": "app\\db\\migrations\\versions\\20260415_2300-9f2b7c1d4a10_enable_public_table_rls.py",
        "hashed_secret": "da51e521ca15307479be422e74c118020a5f782c",
        "is_verified": false,
        "line_number": 14
      }
    ],
    "app\\db\\migrations\\versions\\20260415_2350-a84d7e2c5b91_fix_rls_helpers_and_grants.py": [
      {
        "type": "Hex High Entropy String",
        "filename": "app\\db\\migrations\\versions\\20260415_2350-a84d7e2c5b91_fix_rls_helpers_and_grants.py",
        "hashed_secret": "a6388fb5602f1592e584d1d70eb5585f8129f704",
        "is_verified": false,
        "line_number": 14
      }
    ],
    "app\\db\\migrations\\versions\\20260425_1500-0f4c8b7a92d1_add_agency_owner_role.py": [
      {
        "type": "Hex High Entropy String",
        "filename": "app\\db\\migrations\\versions\\20260425_1500-0f4c8b7a92d1_add_agency_owner_role.py",
        "hashed_secret": "07fd92a2bd30f67a62d2881131624baeca19c940",
        "is_verified": false,
        "line_number": 14
      }
    ],
    "app\\db\\migrations\\versions\\20260425_1510-7b5e6d3a01c2_add_agency_application_and_property_agency.py": [
      {
        "type": "Hex High Entropy String",
        "filename": "app\\db\\migrations\\versions\\20260425_1510-7b5e6d3a01c2_add_agency_application_and_property_agency.py",
        "hashed_secret": "8027e2984705a44a4c803c106ee58f7718a15da6",
        "is_verified": false,
        "line_number": 15
      }
    ],
    "app\\db\\migrations\\versions\\20260426_0900-2b61d5a8c9f0_add_agency_join_requests.py": [
      {
        "type": "Hex High Entropy String",
        "filename": "app\\db\\migrations\\versions\\20260426_0900-2b61d5a8c9f0_add_agency_join_requests.py",
        "hashed_secret": "cd4cfe5e08f186a853ecde62357ef3157a8900bc",
        "is_verified": false,
        "line_number": 16
      }
    ],
    "app\\db\\migrations\\versions\\20260426_1100-4d9f7a2c6b31_add_property_moderation_status.py": [
      {
        "type": "Hex High Entropy String",
        "filename": "app\\db\\migrations\\versions\\20260426_1100-4d9f7a2c6b31_add_property_moderation_status.py",
        "hashed_secret": "6832e4c32da93e689cbe05a1ddcd4811c5e0ea38",
        "is_verified": false,
        "line_number": 16
      }
    ],
    "app\\db\\migrations\\versions\\20260427_0100-a1c9e7d4b832_extend_agency_memberships_audit.py": [
      {
        "type": "Hex High Entropy String",
        "filename": "app\\db\\migrations\\versions\\20260427_0100-a1c9e7d4b832_extend_agency_memberships_audit.py",
        "hashed_secret": "f5e5569348c59c312e4392d18289b0709b001629",
        "is_verified": false,
        "line_number": 15
      }
    ],
    "app\\db\\migrations\\versions\\20260429_0900-b84c3e9a7d21_add_agency_membership_management.py": [
      {
        "type": "Hex High Entropy String",
        "filename": "app\\db\\migrations\\versions\\20260429_0900-b84c3e9a7d21_add_agency_membership_management.py",
        "hashed_secret": "fabdf98ab8af6de489efb7bb7c0a4727b0ee6404",
        "is_verified": false,
        "line_number": 15
      }
    ],
    "app\\db\\migrations\\versions\\20260429_1400-c8f3b2a91e44_add_agency_invitations.py": [
      {
        "type": "Hex High Entropy String",
        "filename": "app\\db\\migrations\\versions\\20260429_1400-c8f3b2a91e44_add_agency_invitations.py",
        "hashed_secret": "3719bd504823835508c8f25722a9e693bf1100ea",
        "is_verified": false,
        "line_number": 15
      }
    ],
    "app\\db\\migrations\\versions\\20260502_0100-d4a7c9b2e610_add_decision_reason_fields.py": [
      {
        "type": "Hex High Entropy String",
        "filename": "app\\db\\migrations\\versions\\20260502_0100-d4a7c9b2e610_add_decision_reason_fields.py",
        "hashed_secret": "3198fa8be036a7e795434a62b1fdb73d0f3327c9",
        "is_verified": false,
        "line_number": 15
      }
    ],
    "app\\db\\migrations\\versions\\20260502_0300-a6b2d9f4c801_add_user_role_change_reason.py": [
      {
        "type": "Hex High Entropy String",
        "filename": "app\\db\\migrations\\versions\\20260502_0300-a6b2d9f4c801_add_user_role_change_reason.py",
        "hashed_secret": "ac7b68b2cb6bf9f56247a817f7a938c2ba5bc3ef",
        "is_verified": false,
        "line_number": 14
      }
    ],
    "app\\db\\migrations\\versions\\20260506_1500-b1f4a9c7e2d3_add_saved_search_unsubscribe_token.py": [
      {
        "type": "Hex High Entropy String",
        "filename": "app\\db\\migrations\\versions\\20260506_1500-b1f4a9c7e2d3_add_saved_search_unsubscribe_token.py",
        "hashed_secret": "31ba536ca121a3127f8b4bfe1cf7fccaafd50245",
        "is_verified": false,
        "line_number": 15
      }
    ],
    "app\\db\\migrations\\versions\\20260506_1600-d3e7c5a1b9f2_add_membership_audit_and_role_version.py": [
      {
        "type": "Hex High Entropy String",
        "filename": "app\\db\\migrations\\versions\\20260506_1600-d3e7c5a1b9f2_add_membership_audit_and_role_version.py",
        "hashed_secret": "905873de69bd42dfeb20ccac7736df74453a4391",
        "is_verified": false,
        "line_number": 15
      }
    ],
    "app\\db\\migrations\\versions\\20260506_1700-f4a8c2d9e5b1_add_review_requests.py": [
      {
        "type": "Hex High Entropy String",
        "filename": "app\\db\\migrations\\versions\\20260506_1700-f4a8c2d9e5b1_add_review_requests.py",
        "hashed_secret": "8a7c05651e9d9ec74e67700881c3c6777228132e",
        "is_verified": false,
        "line_number": 12
      },
      {
        "type": "Hex High Entropy String",
        "filename": "app\\db\\migrations\\versions\\20260506_1700-f4a8c2d9e5b1_add_review_requests.py",
        "hashed_secret": "905873de69bd42dfeb20ccac7736df74453a4391",
        "is_verified": false,
        "line_number": 13
      }
    ],
    "app\\db\\migrations\\versions\\20260508_0900-a9d1f3c7b482_add_property_location_name.py": [
      {
        "type": "Hex High Entropy String",
        "filename": "app\\db\\migrations\\versions\\20260508_0900-a9d1f3c7b482_add_property_location_name.py",
        "hashed_secret": "f78162ded76ccb398969e3637311c20cb712314a",
        "is_verified": false,
        "line_number": 14
      }
    ],
    "app\\db\\migrations\\versions\\20260524_0000-property_types_seed.py": [
      {
        "type": "Hex High Entropy String",
        "filename": "app\\db\\migrations\\versions\\20260524_0000-property_types_seed.py",
        "hashed_secret": "f78162ded76ccb398969e3637311c20cb712314a",
        "is_verified": false,
        "line_number": 14
      }
    ],
    "app\\db\\migrations\\versions\\20260526_0000-b5f9c2e8a014_fix_function_search_paths.py": [
      {
        "type": "Hex High Entropy String",
        "filename": "app\\db\\migrations\\versions\\20260526_0000-b5f9c2e8a014_fix_function_search_paths.py",
        "hashed_secret": "80f0493e32d676822df89d4d1508c9f409eed4f3",
        "is_verified": false,
        "line_number": 22
      }
    ],
    "app\\db\\migrations\\versions\\20260529_0140-49e4e5adc1c7_add_audit_views.py": [
      {
        "type": "Hex High Entropy String",
        "filename": "app\\db\\migrations\\versions\\20260529_0140-49e4e5adc1c7_add_audit_views.py",
        "hashed_secret": "7246aa8929bb066846d5c17230032260113b493f",
        "is_verified": false,
        "line_number": 15
      }
    ],
    "app\\db\\migrations\\versions\\20260530_0821-439cf2f8f160_add_missing_performance_indexes.py": [
      {
        "type": "Hex High Entropy String",
        "filename": "app\\db\\migrations\\versions\\20260530_0821-439cf2f8f160_add_missing_performance_indexes.py",
        "hashed_secret": "fbef0ae2ac02507f43ca4fde0c7fe0c8cd61ac37",
        "is_verified": false,
        "line_number": 15
      }
    ],
    "app\\db\\migrations\\versions\\20260531_0005-d8a5015d8792_add_agency_id_to_reviews.py": [
      {
        "type": "Hex High Entropy String",
        "filename": "app\\db\\migrations\\versions\\20260531_0005-d8a5015d8792_add_agency_id_to_reviews.py",
        "hashed_secret": "3298b8be8144ecce260c756bf96a19f7712d80af",
        "is_verified": false,
        "line_number": 16
      }
    ],
    "app\\db\\migrations\\versions\\20260603_2220-f0a1b2c3d4e5_phase_m_m1_moderation_enum_and_listing_events.py": [
      {
        "type": "Hex High Entropy String",
        "filename": "app\\db\\migrations\\versions\\20260603_2220-f0a1b2c3d4e5_phase_m_m1_moderation_enum_and_listing_events.py",
        "hashed_secret": "d03e9ea8e5a96f2f3232da4ef76d8abc70a16581",
        "is_verified": false,
        "line_number": 16
      }
    ],
    "app\\db\\migrations\\versions\\20260614_1420-a1b2c3d4e5f6_phase_n_n1_listing_instructions.py": [
      {
        "type": "Hex High Entropy String",
        "filename": "app\\db\\migrations\\versions\\20260614_1420-a1b2c3d4e5f6_phase_n_n1_listing_instructions.py",
        "hashed_secret": "ef678205593788329ff416ce5c65fa04f33a05bd",
        "is_verified": false,
        "line_number": 14
      }
    ],
    "tests\\api\\endpoints\\test_admin.py": [
      {
        "type": "Secret Keyword",
        "filename": "tests\\api\\endpoints\\test_admin.py",
        "hashed_secret": "8ae2ad11392b6bef22ac6ed6a9bd4b524761bdbd",
        "is_verified": false,
        "line_number": 96
      }
    ],
    "tests\\api\\endpoints\\test_agencies.py": [
      {
        "type": "Secret Keyword",
        "filename": "tests\\api\\endpoints\\test_agencies.py",
        "hashed_secret": "09958545a4a933255d3b2a217e851ca194ed3602",
        "is_verified": false,
        "line_number": 1161
      },
      {
        "type": "Secret Keyword",
        "filename": "tests\\api\\endpoints\\test_agencies.py",
        "hashed_secret": "72c9261971d2174c20d85ca09981fb6c9d0a877d",
        "is_verified": false,
        "line_number": 2116
      }
    ],
    "tests\\api\\endpoints\\test_agent_profiles.py": [
      {
        "type": "Secret Keyword",
        "filename": "tests\\api\\endpoints\\test_agent_profiles.py",
        "hashed_secret": "09958545a4a933255d3b2a217e851ca194ed3602",
        "is_verified": false,
        "line_number": 175
      }
    ],
    "tests\\api\\endpoints\\test_auth.py": [
      {
        "type": "Secret Keyword",
        "filename": "tests\\api\\endpoints\\test_auth.py",
        "hashed_secret": "d8ecf7db8fc9ec9c31bc5c9ae2929cc599c75f8d",
        "is_verified": false,
        "line_number": 27
      },
      {
        "type": "Secret Keyword",
        "filename": "tests\\api\\endpoints\\test_auth.py",
        "hashed_secret": "d8bba58683e577cdd462e2cd1207808e1b01b3cb",
        "is_verified": false,
        "line_number": 42
      },
      {
        "type": "Secret Keyword",
        "filename": "tests\\api\\endpoints\\test_auth.py",
        "hashed_secret": "5baa61e4c9b93f3f0682250b6cf8331b7ee68fd8",
        "is_verified": false,
        "line_number": 64
      },
      {
        "type": "Secret Keyword",
        "filename": "tests\\api\\endpoints\\test_auth.py",
        "hashed_secret": "8ae2ad11392b6bef22ac6ed6a9bd4b524761bdbd",
        "is_verified": false,
        "line_number": 78
      },
      {
        "type": "Secret Keyword",
        "filename": "tests\\api\\endpoints\\test_auth.py",
        "hashed_secret": "09958545a4a933255d3b2a217e851ca194ed3602",
        "is_verified": false,
        "line_number": 244
      }
    ],
    "tests\\api\\endpoints\\test_auth_blocked_domains.py": [
      {
        "type": "Secret Keyword",
        "filename": "tests\\api\\endpoints\\test_auth_blocked_domains.py",
        "hashed_secret": "8ae2ad11392b6bef22ac6ed6a9bd4b524761bdbd",
        "is_verified": false,
        "line_number": 8
      }
    ],
    "tests\\api\\endpoints\\test_users.py": [
      {
        "type": "Secret Keyword",
        "filename": "tests\\api\\endpoints\\test_users.py",
        "hashed_secret": "a0f4ea7d91495df92bbac2e2149dfb850fe81396",
        "is_verified": false,
        "line_number": 130
      }
    ],
    "tests\\api\\test_auth.py": [
      {
        "type": "Secret Keyword",
        "filename": "tests\\api\\test_auth.py",
        "hashed_secret": "5baa61e4c9b93f3f0682250b6cf8331b7ee68fd8",
        "is_verified": false,
        "line_number": 22
      },
      {
        "type": "Secret Keyword",
        "filename": "tests\\api\\test_auth.py",
        "hashed_secret": "e8662cfb96bd9c7fe84c31d76819ec3a92c80e63",
        "is_verified": false,
        "line_number": 50
      },
      {
        "type": "Secret Keyword",
        "filename": "tests\\api\\test_auth.py",
        "hashed_secret": "06f27e3008a64e4606c9fcf23bd926e8bc8a6148",
        "is_verified": false,
        "line_number": 109
      }
    ],
    "tests\\conftest.py": [
      {
        "type": "Basic Auth Credentials",
        "filename": "tests\\conftest.py",
        "hashed_secret": "afc848c316af1a89d49826c5ae9d00ed769415f3",
        "is_verified": false,
        "line_number": 39
      }
    ],
    "tests\\core\\test_config.py": [
      {
        "type": "Secret Keyword",
        "filename": "tests\\core\\test_config.py",
        "hashed_secret": "e5e9fa1ba31ecd1ae84f75caaa474f3a663f05f4",
        "is_verified": false,
        "line_number": 8
      },
      {
        "type": "Secret Keyword",
        "filename": "tests\\core\\test_config.py",
        "hashed_secret": "b83efb89100a5f11b5cb4418471326f6c5b669c7",
        "is_verified": false,
        "line_number": 9
      },
      {
        "type": "Secret Keyword",
        "filename": "tests\\core\\test_config.py",
        "hashed_secret": "afc848c316af1a89d49826c5ae9d00ed769415f3",
        "is_verified": false,
        "line_number": 12
      },
      {
        "type": "Basic Auth Credentials",
        "filename": "tests\\core\\test_config.py",
        "hashed_secret": "e5e9fa1ba31ecd1ae84f75caaa474f3a663f05f4",
        "is_verified": false,
        "line_number": 24
      },
      {
        "type": "Secret Keyword",
        "filename": "tests\\core\\test_config.py",
        "hashed_secret": "dde672e984bde72a61f2016eefde273335dc9c87",
        "is_verified": false,
        "line_number": 36
      },
      {
        "type": "Basic Auth Credentials",
        "filename": "tests\\core\\test_config.py",
        "hashed_secret": "299dfee9f2eb86eb686114ccef0b2316a84272fd",
        "is_verified": false,
        "line_number": 40
      }
    ],
    "tests\\crud\\test_agent_profiles_v1.py": [
      {
        "type": "Secret Keyword",
        "filename": "tests\\crud\\test_agent_profiles_v1.py",
        "hashed_secret": "0c6ba03885f3aae765fbf20f07f514a44dbda30a",
        "is_verified": false,
        "line_number": 48
      }
    ],
    "tests\\crud\\test_profiles.py": [
      {
        "type": "Secret Keyword",
        "filename": "tests\\crud\\test_profiles.py",
        "hashed_secret": "0c6ba03885f3aae765fbf20f07f514a44dbda30a",
        "is_verified": false,
        "line_number": 49
      }
    ],
    "tests\\crud\\test_users_v1.py": [
      {
        "type": "Secret Keyword",
        "filename": "tests\\crud\\test_users_v1.py",
        "hashed_secret": "1816851d10187b57a93235b52495e615629f906d",
        "is_verified": false,
        "line_number": 26
      },
      {
        "type": "Secret Keyword",
        "filename": "tests\\crud\\test_users_v1.py",
        "hashed_secret": "cbfdac6008f9cab4083784cbd1874f76618d2a97",
        "is_verified": false,
        "line_number": 50
      },
      {
        "type": "Secret Keyword",
        "filename": "tests\\crud\\test_users_v1.py",
        "hashed_secret": "5baa61e4c9b93f3f0682250b6cf8331b7ee68fd8",
        "is_verified": false,
        "line_number": 154
      },
      {
        "type": "Secret Keyword",
        "filename": "tests\\crud\\test_users_v1.py",
        "hashed_secret": "d8ecf7db8fc9ec9c31bc5c9ae2929cc599c75f8d",
        "is_verified": false,
        "line_number": 165
      },
      {
        "type": "Secret Keyword",
        "filename": "tests\\crud\\test_users_v1.py",
        "hashed_secret": "d8bba58683e577cdd462e2cd1207808e1b01b3cb",
        "is_verified": false,
        "line_number": 175
      }
    ],
    "tests\\crud\\test_users_v2.py": [
      {
        "type": "Secret Keyword",
        "filename": "tests\\crud\\test_users_v2.py",
        "hashed_secret": "0c6ba03885f3aae765fbf20f07f514a44dbda30a",
        "is_verified": false,
        "line_number": 36
      },
      {
        "type": "Secret Keyword",
        "filename": "tests\\crud\\test_users_v2.py",
        "hashed_secret": "73027c15d2f0904f8823803d682795f029da84c9",
        "is_verified": false,
        "line_number": 286
      },
      {
        "type": "Secret Keyword",
        "filename": "tests\\crud\\test_users_v2.py",
        "hashed_secret": "8867c88b56e0bfb82cffaf15a66bc8d107d6754a",
        "is_verified": false,
        "line_number": 473
      },
      {
        "type": "Secret Keyword",
        "filename": "tests\\crud\\test_users_v2.py",
        "hashed_secret": "945d101bfbe32b88521b7b3233f299e05f0219ef",
        "is_verified": false,
        "line_number": 484
      },
      {
        "type": "Secret Keyword",
        "filename": "tests\\crud\\test_users_v2.py",
        "hashed_secret": "98e540ffae8223c143f1453da4c8604ca943213e",
        "is_verified": false,
        "line_number": 495
      }
    ],
    "tests\\middleware\\test_request_middleware.py": [
      {
        "type": "Basic Auth Credentials",
        "filename": "tests\\middleware\\test_request_middleware.py",
        "hashed_secret": "e5e9fa1ba31ecd1ae84f75caaa474f3a663f05f4",
        "is_verified": false,
        "line_number": 30
      }
    ],
    "tests\\schemas\\test_users_schema.py": [
      {
        "type": "Secret Keyword",
        "filename": "tests\\schemas\\test_users_schema.py",
        "hashed_secret": "1816851d10187b57a93235b52495e615629f906d",
        "is_verified": false,
        "line_number": 20
      }
    ],
    "tests\\services\\test_auth_registration_service.py": [
      {
        "type": "Secret Keyword",
        "filename": "tests\\services\\test_auth_registration_service.py",
        "hashed_secret": "8ae2ad11392b6bef22ac6ed6a9bd4b524761bdbd",
        "is_verified": false,
        "line_number": 39
      }
    ]
  },
  "generated_at": "2026-06-17T12:55:23Z"
}
